// Jest Snapshot v1, https://goo.gl/fbAQLP

exports[`Test contract company should snapshot be the same 1`] = `ShallowWrapper {}`;
