// Jest Snapshot v1, https://goo.gl/fbAQLP

exports[`App test should render 1`] = `ShallowWrapper {}`;
