// Jest Snapshot v1, https://goo.gl/fbAQLP

exports[`Test m1 should render properly 1`] = `ShallowWrapper {}`;
