// Jest Snapshot v1, https://goo.gl/fbAQLP

exports[`Name of the group should render 1`] = `ShallowWrapper {}`;
