// Jest Snapshot v1, https://goo.gl/fbAQLP

exports[`Board wrapper test should renders 1`] = `ShallowWrapper {}`;
