// Jest Snapshot v1, https://goo.gl/fbAQLP

exports[`Create room modal test should render 1`] = `ShallowWrapper {}`;
