// Jest Snapshot v1, https://goo.gl/fbAQLP

exports[`test input adorment should render 1`] = `ShallowWrapper {}`;
