// Jest Snapshot v1, https://goo.gl/fbAQLP

exports[`Game chat test should render 1`] = `ReactWrapper {}`;
