// Jest Snapshot v1, https://goo.gl/fbAQLP

exports[`Buy gallery test should render 1`] = `ShallowWrapper {}`;
