// Jest Snapshot v1, https://goo.gl/fbAQLP

exports[`Field action test should render 1`] = `ShallowWrapper {}`;
