// Jest Snapshot v1, https://goo.gl/fbAQLP

exports[`Field action auto test should render properly 1`] = `ShallowWrapper {}`;
