// Jest Snapshot v1, https://goo.gl/fbAQLP

exports[`Tokens test should render 1`] = `ShallowWrapper {}`;
