// Jest Snapshot v1, https://goo.gl/fbAQLP

exports[`Room block test should render 1`] = `ShallowWrapper {}`;
