// Jest Snapshot v1, https://goo.gl/fbAQLP

exports[`Room type view test should render 1`] = `ShallowWrapper {}`;
