// Jest Snapshot v1, https://goo.gl/fbAQLP

exports[`Rooms switch test should render  1`] = `ShallowWrapper {}`;
