// Jest Snapshot v1, https://goo.gl/fbAQLP

exports[`Test quick game params should render 1`] = `ShallowWrapper {}`;
