// Jest Snapshot v1, https://goo.gl/fbAQLP

exports[`Test regular geame params should render 1`] = `ShallowWrapper {}`;
