// Jest Snapshot v1, https://goo.gl/fbAQLP

exports[`Test shuffle geame params should render 1`] = `ShallowWrapper {}`;
