// Jest Snapshot v1, https://goo.gl/fbAQLP

exports[`Table helper  test should render 1`] = `ShallowWrapper {}`;
