// Jest Snapshot v1, https://goo.gl/fbAQLP

exports[`Friends online test should render 1`] = `ShallowWrapper {}`;
