// Jest Snapshot v1, https://goo.gl/fbAQLP

exports[`Buy gallery test should render undefined 1`] = `ShallowWrapper {}`;

exports[`Buy gallery test should render winner 1`] = `ShallowWrapper {}`;
