// Jest Snapshot v1, https://goo.gl/fbAQLP

exports[`Room top five test should render 1`] = `ShallowWrapper {}`;
