// Jest Snapshot v1, https://goo.gl/fbAQLP

exports[`Field test should render 1`] = `ShallowWrapper {}`;
