// Jest Snapshot v1, https://goo.gl/fbAQLP

exports[`Game loading test should render properly 1`] = `ShallowWrapper {}`;
